[FAILED RUNNING EXECUTABLE]: add_fptrunc.out with error code -11
[FAILED RUNNING EXECUTABLE]: add_int_3ops.out with error code -11
[FAILED RUNNING EXECUTABLE]: add_int_constants.out with error code -11
[FAILED RUNNING EXECUTABLE]: add_int_global.out with error code -11
[FAILED RUNNING EXECUTABLE]: add_int_local.out with error code -11
[FAILED RUNNING EXECUTABLE]: add_longdouble.out with error code -11
[FAILED RUNNING EXECUTABLE]: add_long_global.out with error code -11
[FAILED RUNNING EXECUTABLE]: add_long_local.out with error code -11
[FAILED RUNNING EXECUTABLE]: add_short_global.out with error code -11
[FAILED RUNNING EXECUTABLE]: add_short_local.out with error code -11
[FAILED RUNNING EXECUTABLE]: alloca.out with error code -11
[FAILED RUNNING EXECUTABLE]: and.out with error code -11
[FAILED RUNNING EXECUTABLE]: array2.out with error code -11
[FAILED RUNNING EXECUTABLE]: array3.out with error code -11
[FAILED RUNNING EXECUTABLE]: array_call.out with error code -11
[FAILED RUNNING EXECUTABLE]: array_four_dim.out with error code -11
[FAILED RUNNING EXECUTABLE]: array_heap_double.out with error code -11
[FAILED RUNNING EXECUTABLE]: array_heap_int.out with error code -11
[FAILED RUNNING EXECUTABLE]: array_heap_long.out with error code -11
[FAILED RUNNING EXECUTABLE]: array_local.out with error code -11
[FAILED RUNNING EXECUTABLE]: array_multi_local.out with error code -11
[FAILED RUNNING EXECUTABLE]: array_struct_local.out with error code -11
[FAILED RUNNING EXECUTABLE]: array_struct_mul_local.out with error code -11
[FAILED RUNNING EXECUTABLE]: array_three_dim.out with error code -11
[FAILED RUNNING EXECUTABLE]: array_two_dim.out with error code -11
[FAILED RUNNING EXECUTABLE]: ashr.out with error code -11
[FAILED RUNNING EXECUTABLE]: binop.out with error code -11
[FAILED RUNNING EXECUTABLE]: bit.out with error code -11
[FAILED RUNNING EXECUTABLE]: calculating_long.out with error code -11
[FAILED RUNNING EXECUTABLE]: call1.out with error code -11
[FAILED RUNNING EXECUTABLE]: call2.out with error code -11
[FAILED RUNNING EXECUTABLE]: example10.out with error code -11
[FAILED RUNNING EXECUTABLE]: example1.out with error code -11
[FAILED RUNNING EXECUTABLE]: example2.out with error code -11
[FAILED RUNNING EXECUTABLE]: example3.out with error code -11
[FAILED RUNNING EXECUTABLE]: example4.out with error code -11
[FAILED RUNNING EXECUTABLE]: example5.out with error code -11
[FAILED RUNNING EXECUTABLE]: example6.out with error code -11
[FAILED RUNNING EXECUTABLE]: example7.out with error code -11
[FAILED RUNNING EXECUTABLE]: example8.out with error code -11
[FAILED RUNNING EXECUTABLE]: example9.out with error code -11
[FAILED RUNNING EXECUTABLE]: fadd_double_global.out with error code -11
[FAILED RUNNING EXECUTABLE]: fadd_double_local.out with error code -11
[FAILED RUNNING EXECUTABLE]: fadd_float_3ops.out with error code -11
[FAILED RUNNING EXECUTABLE]: fadd_float_constants.out with error code -11
[FAILED RUNNING EXECUTABLE]: fadd_float_global.out with error code -11
[FAILED RUNNING EXECUTABLE]: fadd_float_local.out with error code -11
[FAILED RUNNING EXECUTABLE]: fadd_longdouble_global.out with error code -11
[FAILED RUNNING EXECUTABLE]: fadd_longdouble_local.out with error code -11
[FAILED RUNNING EXECUTABLE]: float_arith.out with error code -11
[FAILED RUNNING EXECUTABLE]: funarc_hp.out with error code -11
[FAILED RUNNING EXECUTABLE]: functionptr.out with error code -11
[FAILED INSTRUMENTATION]: i_global.bc
[FAILED RUNNING EXECUTABLE]: global_ptr.out with error code -11
[FAILED RUNNING EXECUTABLE]: int_arith.out with error code -11
[FAILED RUNNING EXECUTABLE]: lagrange.out with error code -11
[FAILED RUNNING EXECUTABLE]: logf.out with error code -11
[FAILED RUNNING EXECUTABLE]: mainargs.out with error code -11
[FAILED RUNNING EXECUTABLE]: memcpy.out with error code -11
[FAILED RUNNING EXECUTABLE]: middle_offset.out with error code -11
[FAILED RUNNING EXECUTABLE]: nan_conditional.out with error code -11
[FAILED RUNNING EXECUTABLE]: nan_propagation.out with error code -11
[FAILED RUNNING EXECUTABLE]: or.out with error code -11
[FAILED RUNNING EXECUTABLE]: phinode.out with error code -11
[FAILED RUNNING EXECUTABLE]: pointer1.out with error code -11
[FAILED RUNNING EXECUTABLE]: pointer2.out with error code -11
[FAILED RUNNING EXECUTABLE]: pointer3.out with error code -11
[FAILED RUNNING EXECUTABLE]: pointer4.out with error code -11
[FAILED RUNNING EXECUTABLE]: pointer_argument.out with error code -11
[FAILED RUNNING EXECUTABLE]: pointer_arithmetic.out with error code -11
[FAILED RUNNING EXECUTABLE]: pointer_uninitialized.out with error code -11
[FAILED RUNNING EXECUTABLE]: shl.out with error code -11
[FAILED RUNNING EXECUTABLE]: simpsons.out with error code -11
[FAILED RUNNING EXECUTABLE]: size.out with error code -11
[FAILED RUNNING EXECUTABLE]: string.out with error code -11
[FAILED RUNNING EXECUTABLE]: struct1.out with error code -11
[FAILED RUNNING EXECUTABLE]: struct2.out with error code -11
[FAILED RUNNING EXECUTABLE]: struct3.out with error code -11
[FAILED RUNNING EXECUTABLE]: struct_argument1.out with error code -11
[FAILED RUNNING EXECUTABLE]: struct_argument2.out with error code -11
[FAILED RUNNING EXECUTABLE]: struct_cast.out with error code -11
[FAILED RUNNING EXECUTABLE]: struct_flattening1.out with error code -11
[FAILED RUNNING EXECUTABLE]: struct_flattening2.out with error code -11
[FAILED RUNNING EXECUTABLE]: struct_flattening3.out with error code -11
[FAILED RUNNING EXECUTABLE]: struct_i64.out with error code -11
[FAILED RUNNING EXECUTABLE]: struct_return.out with error code -11
[FAILED RUNNING EXECUTABLE]: struct_union.out with error code -11
[FAILED RUNNING EXECUTABLE]: sub.out with error code -11
[FAILED RUNNING EXECUTABLE]: var_args.out with error code -11
[FAILED RUNNING EXECUTABLE]: xor.out with error code -11
